// Jest Snapshot v1, https://goo.gl/fbAQLP

exports[`ScrambleTeams should scramble the teams 1`] = `
{
  "isVoting": false,
  "liveRoundIndex": 0,
  "rounds": [
    [
      {
        "id": 9,
        "matchIndex": 0,
        "pick": null,
        "roundIndex": 0,
        "team1": {
          "id": 17,
          "name": "Team 0",
        },
        "team1Wins": undefined,
        "team2": {
          "id": 20,
          "name": "Team 3",
        },
        "team2Wins": undefined,
      },
      {
        "id": 10,
        "matchIndex": 1,
        "pick": null,
        "roundIndex": 0,
        "team1": {
          "id": 18,
          "name": "Team 1",
        },
        "team1Wins": undefined,
        "team2": {
          "id": 19,
          "name": "Team 2",
        },
        "team2Wins": undefined,
      },
    ],
    [
      {
        "id": undefined,
        "matchIndex": 0,
        "pick": null,
        "roundIndex": 1,
        "team1": undefined,
        "team1Wins": undefined,
        "team2": undefined,
        "team2Wins": undefined,
      },
    ],
  ],
  "wildcardPlacement": undefined,
}
`;

exports[`ScrambleTeams should scramble the teams 2`] = `
[
  0,
  3,
  1,
  2,
]
`;

exports[`ScrambleTeams should scramble the teams 3`] = `
{
  "isVoting": false,
  "liveRoundIndex": 0,
  "rounds": [
    [
      {
        "id": 9,
        "matchIndex": 0,
        "pick": null,
        "roundIndex": 0,
        "team1": {
          "id": 17,
          "name": "Team 0",
        },
        "team1Wins": undefined,
        "team2": {
          "id": 20,
          "name": "Team 3",
        },
        "team2Wins": undefined,
      },
      {
        "id": 10,
        "matchIndex": 1,
        "pick": null,
        "roundIndex": 0,
        "team1": {
          "id": 19,
          "name": "Team 2",
        },
        "team1Wins": undefined,
        "team2": {
          "id": 18,
          "name": "Team 1",
        },
        "team2Wins": undefined,
      },
    ],
    [
      {
        "id": undefined,
        "matchIndex": 0,
        "pick": null,
        "roundIndex": 1,
        "team1": undefined,
        "team1Wins": undefined,
        "team2": undefined,
        "team2Wins": undefined,
      },
    ],
  ],
  "wildcardPlacement": undefined,
}
`;

exports[`ScrambleTeams should scramble the teams 4`] = `
[
  0,
  3,
  2,
  1,
]
`;

exports[`ScrambleTeams should scramble the teams 5`] = `
{
  "isVoting": false,
  "liveRoundIndex": 0,
  "rounds": [
    [
      {
        "id": 9,
        "matchIndex": 0,
        "pick": null,
        "roundIndex": 0,
        "team1": {
          "id": 17,
          "name": "Team 0",
        },
        "team1Wins": undefined,
        "team2": {
          "id": 18,
          "name": "Team 1",
        },
        "team2Wins": undefined,
      },
      {
        "id": 10,
        "matchIndex": 1,
        "pick": null,
        "roundIndex": 0,
        "team1": {
          "id": 19,
          "name": "Team 2",
        },
        "team1Wins": undefined,
        "team2": {
          "id": 20,
          "name": "Team 3",
        },
        "team2Wins": undefined,
      },
    ],
    [
      {
        "id": undefined,
        "matchIndex": 0,
        "pick": null,
        "roundIndex": 1,
        "team1": undefined,
        "team1Wins": undefined,
        "team2": undefined,
        "team2Wins": undefined,
      },
    ],
  ],
  "wildcardPlacement": undefined,
}
`;

exports[`ScrambleTeams should throw an error if the number of teams does not match the number of scrambled indices 1`] = `"Number of scrambledIndices (0) does not match number of teams in bracket (4)"`;
