// Jest Snapshot v1, https://goo.gl/fbAQLP

exports[`BaseTeamSlot renders with correct text and styles 1`] = `
<button
  class="wpbb-team-1-2-left tw-relative tw-flex tw-justify-center tw-items-center tw-whitespace-nowrap tw-leading-none tw-uppercase tw-font-sans tw-w-[115px] tw-h-[50px] tw-text-white tw-font-500 tw-bg-transparent tw-cursor-pointer"
  data-testid="team-slot-round-1-match-2-left"
  style="border-width: 0px;"
>
  <span
    style="font-size: 16px; transform: scale(1); visibility: hidden;"
  >
    Team A
  </span>
</button>
`;
