// Jest Snapshot v1, https://goo.gl/fbAQLP

exports[`ShareBracketModal renders modal correctly 1`] = `
<DocumentFragment>
  <button
    class="wpbb-share-bracket-button"
    data-bracket-title="Test bracket"
    data-play-bracket-url="testurl"
  >
    Share Bracket
  </button>
  <div
    class="tw-fixed tw-bg-black/50 tw-top-0 tw-left-0 tw-right-0 tw-z-50 tw-w-full tw-p-4 tw-overflow-x-hidden tw-overflow-y-auto md:tw-inset-0 tw-h-[calc(100%-1rem)] tw-max-h-full tw-justify-center tw-items-center tw-flex"
    tabindex="-1"
  >
    <div
      class="tw-relative tw-max-w-[606px] tw-max-h-full tw-p-30 sm:tw-p-60 tw-rounded-16 tw-bg-dark-blue tw-grow tw-mx-20"
    >
      <h1
        class="tw-text-24 sm:tw-text-32 tw-leading-10 tw-text-white tw-uppercase tw-whitespace-pre-line tw-mb-30 tw-w-full tw-text-center tw-font-sans"
      >
        Share Bracket
      </h1>
      <div
        class="tw-flex tw-flex-col tw-gap-10"
      >
        <div
          class="tw-flex tw-gap-10 tw-items-center"
        >
          <a
            class="tw-bg-white/15 tw-flex tw-gap-16 tw-items-center tw-justify-center tw-rounded-8 tw-p-12 hover:tw-text-white/75 tw-font-sans tw-text-white tw-uppercase tw-w-full tw-text-16 tw-font-500 tw-cursor-pointer tw-border-solid tw-border tw-border-white"
            href="https://www.facebook.com/sharer/sharer.php?u=testurl"
            rel="noopener noreferrer"
            target="_blank"
          >
            <svg />
          </a>
          <a
            class="tw-bg-white/15 tw-flex tw-gap-16 tw-items-center tw-justify-center tw-rounded-8 tw-p-12 hover:tw-text-white/75 tw-font-sans tw-text-white tw-uppercase tw-w-full tw-text-16 tw-font-500 tw-cursor-pointer tw-border-solid tw-border tw-border-white"
            href="https://twitter.com/intent/tweet?text=Play my bracket, TEST BRACKET!&url=testurl&via=BackMyBracket"
            rel="noopener noreferrer"
            target="_blank"
          >
            <svg />
          </a>
        </div>
        <button
          class="tw-flex tw-flex-row tw-items-center tw-justify-center tw-font-sans tw-uppercase tw-whitespace-nowrap tw-cursor-pointer disabled:tw-cursor-default tw-leading-none tw-bg-green/15 tw-gap-16 tw-rounded-8 tw-p-12 tw-border-1 tw-border-solid tw-border-green hover:tw-text-white/75 tw-text-white tw-w-full tw-text-16 tw-font-700 disabled:tw-bg-transparent disabled:tw-text-white/20 disabled:tw-border-white/20"
        >
          <svg />
          <span>
            Copy link
          </span>
        </button>
        <button
          class="tw-flex tw-flex-row tw-items-center tw-justify-center tw-font-sans tw-uppercase tw-whitespace-nowrap tw-cursor-pointer disabled:tw-cursor-default tw-leading-none tw-bg-white/15 tw-gap-16 tw-rounded-8 tw-p-12 tw-border-none hover:tw-text-white/75 tw-text-white tw-w-full tw-text-16 tw-font-500 disabled:tw-bg-white/15 disabled:tw-text-white/50"
        >
          Cancel
        </button>
      </div>
    </div>
  </div>
</DocumentFragment>
`;
