// Jest Snapshot v1, https://goo.gl/fbAQLP

exports[`FillInBlankTeams should add the blank teams 1`] = `
{
  "rounds": [
    [
      {
        "id": 9,
        "matchIndex": 0,
        "roundIndex": 0,
        "team1": {
          "id": undefined,
          "name": null,
        },
        "team1Wins": undefined,
        "team2": {
          "id": undefined,
          "name": null,
        },
        "team2Wins": undefined,
      },
      {
        "id": 10,
        "matchIndex": 1,
        "roundIndex": 0,
        "team1": {
          "id": undefined,
          "name": null,
        },
        "team1Wins": undefined,
        "team2": {
          "id": undefined,
          "name": null,
        },
        "team2Wins": undefined,
      },
    ],
    [
      {
        "id": undefined,
        "matchIndex": 0,
        "roundIndex": 1,
        "team1": undefined,
        "team1Wins": undefined,
        "team2": undefined,
        "team2Wins": undefined,
      },
    ],
  ],
  "wildcardPlacement": undefined,
}
`;
