// Jest Snapshot v1, https://goo.gl/fbAQLP

exports[`BracketResultsBuilder renders page correctly 1`] = `
<DocumentFragment>
  <div
    class="wpbb-reset tw-uppercase tw-bg-no-repeat tw-bg-top tw-bg-cover  tw-dark"
    style="background-image: url(undefined);"
  >
    <div
      class="tw-flex tw-flex-col tw-items-center tw-max-w-screen-lg tw-m-auto tw-pb-[57px]"
    >
      <div
        class="tw-py-[116px]"
      >
        <div
          class="tw-flex tw-flex-col tw-dark wpbb-default-bracket tw-relative"
        >
          <div
            class="tw-flex tw-flex-col tw-justify-end"
            style="margin-bottom: 95px; min-height: 0;"
          >
            <div
              class="tw-flex tw-flex-col tw-items-center"
              style="gap: 24px;"
            >
              <div
                class="wpbb-team-1-0-winner tw-relative tw-flex tw-justify-center tw-items-center tw-whitespace-nowrap tw-leading-none tw-uppercase tw-font-sans tw-w-[297px] tw-h-[52px] tw-text-dd-blue tw-font-700 tw-bg-green"
                data-testid="team-slot-round-1-match-0-winner"
                style="border-width: 0px;"
              >
                <span
                  style="font-size: 32px; transform: scale(1); visibility: hidden;"
                >
                  Team 3
                </span>
              </div>
            </div>
          </div>
          <div
            class="tw-flex tw-flex-col tw-justify-center tw-items-center tw-h-100"
          >
            <div
              class="tw-flex tw-justify-between"
              style="width: 700px;"
            >
              <div
                class="wpbb-default-match-column tw-flex tw-flex-col tw-justify-center tw-gap-[80px]"
              >
                <div
                  class="tw-flex tw-flex-col tw-gap-[20px] tw-translate-y-[0px]"
                >
                  <button
                    class="wpbb-team-0-0-left tw-relative tw-flex tw-justify-center tw-items-center tw-whitespace-nowrap tw-leading-none tw-uppercase tw-font-sans tw-w-[115px] tw-h-[28px] tw-text-dd-blue tw-font-500 tw-bg-green tw-cursor-pointer"
                    data-testid="team-slot-round-0-match-0-left"
                    style="border-width: 0px;"
                  >
                    <span
                      style="font-size: 16px; transform: scale(1); visibility: hidden;"
                    >
                      Team 1
                    </span>
                  </button>
                  <button
                    class="wpbb-team-0-0-right tw-relative tw-flex tw-justify-center tw-items-center tw-whitespace-nowrap tw-leading-none tw-uppercase tw-font-sans tw-w-[115px] tw-h-[28px] tw-text-white tw-font-500 tw-bg-transparent tw-border-solid tw-border-white/50 tw-cursor-pointer"
                    data-testid="team-slot-round-0-match-0-right"
                    style="border-width: 2px;"
                  >
                    <span
                      style="font-size: 16px; transform: scale(1); visibility: hidden;"
                    >
                      Team 2
                    </span>
                  </button>
                </div>
              </div>
              <div
                class="wpbb-default-match-column tw-flex tw-flex-col tw-justify-center tw-gap-[236px]"
              >
                <div
                  class="tw-flex tw-flex-col tw-gap-[20px] tw-translate-y-[-48px]"
                >
                  <button
                    class="wpbb-team-1-0-left tw-relative tw-flex tw-justify-center tw-items-center tw-whitespace-nowrap tw-leading-none tw-uppercase tw-font-sans tw-w-[115px] tw-h-[28px] tw-text-white tw-font-500 tw-bg-transparent tw-border-solid tw-border-white/50 tw-cursor-pointer"
                    data-testid="team-slot-round-1-match-0-left"
                    style="border-width: 2px;"
                  >
                    <span
                      style="font-size: 16px; transform: scale(1); visibility: hidden;"
                    >
                      Team 1
                    </span>
                  </button>
                  <button
                    class="wpbb-team-1-0-right tw-relative tw-flex tw-justify-center tw-items-center tw-whitespace-nowrap tw-leading-none tw-uppercase tw-font-sans tw-w-[115px] tw-h-[28px] tw-text-dd-blue tw-font-500 tw-bg-green tw-cursor-pointer"
                    data-testid="team-slot-round-1-match-0-right"
                    style="border-width: 0px;"
                  >
                    <span
                      style="font-size: 16px; transform: scale(1); visibility: hidden;"
                    >
                      Team 3
                    </span>
                  </button>
                </div>
              </div>
              <div
                class="wpbb-default-match-column tw-flex tw-flex-col tw-justify-center tw-gap-[80px]"
              >
                <div
                  class="tw-flex tw-flex-col tw-gap-[20px] tw-translate-y-[0px]"
                >
                  <button
                    class="wpbb-team-0-1-left tw-relative tw-flex tw-justify-center tw-items-center tw-whitespace-nowrap tw-leading-none tw-uppercase tw-font-sans tw-w-[115px] tw-h-[28px] tw-text-dd-blue tw-font-500 tw-bg-green tw-cursor-pointer"
                    data-testid="team-slot-round-0-match-1-left"
                    style="border-width: 0px;"
                  >
                    <span
                      style="font-size: 16px; transform: scale(1); visibility: hidden;"
                    >
                      Team 3
                    </span>
                  </button>
                  <button
                    class="wpbb-team-0-1-right tw-relative tw-flex tw-justify-center tw-items-center tw-whitespace-nowrap tw-leading-none tw-uppercase tw-font-sans tw-w-[115px] tw-h-[28px] tw-text-white tw-font-500 tw-bg-transparent tw-border-solid tw-border-white/50 tw-cursor-pointer"
                    data-testid="team-slot-round-0-match-1-right"
                    style="border-width: 2px;"
                  >
                    <span
                      style="font-size: 16px; transform: scale(1); visibility: hidden;"
                    >
                      Team 4
                    </span>
                  </button>
                </div>
              </div>
            </div>
          </div>
          <div
            style="margin-top: 20px; min-height: 0;"
          >
            <div
              class="tw-flex tw-flex-col tw-gap-20 tw-justify-between tw-items-center tw-font-700 tw-whitespace-nowrap "
            >
              <span
                class="tw-text-36 tw-text-dd-blue dark:tw-text-white"
              >
                Who You Got?
              </span>
              <svg
                class="tw-w-[124px] tw-text-black/25 dark:tw-text-white"
              />
            </div>
          </div>
          <div
            class="tw-absolute"
          />
          <div
            class="tw-absolute"
          />
        </div>
      </div>
      <div
        class="tw-flex tw-flex-col tw-gap-24 "
      >
        <button
          class="tw-flex tw-flex-row tw-items-center tw-justify-center tw-font-sans tw-uppercase tw-whitespace-nowrap tw-cursor-pointer disabled:tw-cursor-default tw-leading-none tw-cursor-pointer tw-bg-green/15 tw-text-white tw-gap-10 tw-text-36 tw-font-700 tw-rounded-8 tw-px-30 tw-py-16 tw-border-solid tw-border-4 tw-border-green"
        >
          Complete Bracket
        </button>
        <div
          class="tw-flex tw-gap-20 tw-items-center tw-self-center"
        >
          <input
            checked=""
            class="tw-appearance-none tw-rounded-8 tw-cursor-pointer tw-bg-white tw-bg-no-repeat tw-bg-center"
            id="notify-participants-check"
            style="background-image: url(); height: 32px; width: 32px;"
            type="checkbox"
          />
          <label
            class="tw-font-500 tw-text-24"
            for="notify-participants-check"
          >
            Notify Participants
          </label>
        </div>
      </div>
    </div>
  </div>
</DocumentFragment>
`;
